// Jest Snapshot v1, https://goo.gl/fbAQLP

exports[`App App should render 1`] = `
<div
  className="makeStyles-root"
>
  <header
    className="makeStyles-mobileHeader"
  >
    <div
      className="makeStyles-searchBtn"
    >
      <mui-icon-button
        onClick={[Function]}
      >
        <mui-icon-search />
      </mui-icon-button>
    </div>
  </header>
  <mui-drawer
    className="makeStyles-drawer"
    variant="permanent"
  >
    <div
      className="makeStyles-toolbar"
    >
      <a
        className="makeStyles-link makeStyles-homeLink"
        href="/"
        onClick={[Function]}
      >
        <img
          alt="Logo"
          className="makeStyles-logo"
          src="logo.png"
        />
      </a>
    </div>
    <hr
      className="MuiDivider-root"
    />
    <ul
      className="MuiList-root MuiList-padding"
    >
      <div
        aria-disabled={false}
        className="MuiButtonBase-root MuiListItem-root makeStyles-listButton MuiListItem-gutters MuiListItem-button"
        onBlur={[Function]}
        onDragLeave={[Function]}
        onFocus={[Function]}
        onKeyDown={[Function]}
        onKeyUp={[Function]}
        onMouseDown={[Function]}
        onMouseLeave={[Function]}
        onMouseUp={[Function]}
        onTouchEnd={[Function]}
        onTouchMove={[Function]}
        onTouchStart={[Function]}
        role="button"
        tabIndex={0}
      >
        <a
          className="makeStyles-link makeStyles-listItemLink"
          href="/employees"
          onClick={[Function]}
        >
          <mui-list-item-icon
            className="makeStyles-listItemIcon"
          >
            <svg
              aria-hidden="true"
              className="MuiSvgIcon-root makeStyles-listIcon"
              focusable="false"
              viewBox="0 0 24 24"
            >
              <path
                d="M17 10H7v2h10v-2zm2-7h-1V1h-2v2H8V1H6v2H5c-1.11 0-1.99.9-1.99 2L3 19c0 1.1.89 2 2 2h14c1.1 0 2-.9 2-2V5c0-1.1-.9-2-2-2zm0 16H5V8h14v11zm-5-5H7v2h7v-2z"
              />
            </svg>
          </mui-list-item-icon>
          <mui-list-item-text
            primary="All Employees"
          />
        </a>
      </div>
      <div
        aria-disabled={false}
        className="MuiButtonBase-root MuiListItem-root makeStyles-listButton MuiListItem-gutters MuiListItem-button"
        onBlur={[Function]}
        onDragLeave={[Function]}
        onFocus={[Function]}
        onKeyDown={[Function]}
        onKeyUp={[Function]}
        onMouseDown={[Function]}
        onMouseLeave={[Function]}
        onMouseUp={[Function]}
        onTouchEnd={[Function]}
        onTouchMove={[Function]}
        onTouchStart={[Function]}
        role="button"
        tabIndex={0}
      >
        <a
          className="makeStyles-link makeStyles-listItemLink"
          href="/employees/add"
          onClick={[Function]}
        >
          <mui-list-item-icon
            className="makeStyles-listItemIcon"
          >
            <svg
              aria-hidden="true"
              className="MuiSvgIcon-root makeStyles-listIcon"
              focusable="false"
              viewBox="0 0 24 24"
            >
              <path
                d="M16.53 11.06L15.47 10l-4.88 4.88-2.12-2.12-1.06 1.06L10.59 17l5.94-5.94zM19 3h-1V1h-2v2H8V1H6v2H5c-1.11 0-1.99.9-1.99 2L3 19c0 1.1.89 2 2 2h14c1.1 0 2-.9 2-2V5c0-1.1-.9-2-2-2zm0 16H5V8h14v11z"
              />
            </svg>
          </mui-list-item-icon>
          <mui-list-item-text
            primary="Add Employee"
          />
        </a>
      </div>
    </ul>
  </mui-drawer>
  <main
    className="makeStyles-container"
  >
    <div>
      <h1
        className="MuiTypography-root MuiTypography-h1"
      >
        Welcome to Employee Manager
      </h1>
      <h2
        className="MuiTypography-root MuiTypography-h2"
      >
        Manage your employees easily
      </h2>
      <p
        className="MuiTypography-root MuiTypography-body1"
      >
        You can use the search button on the top right corner to look for any specific employee or group of employees.
        <br />
        To see all of them, use the 
        <a
          className="makeStyles-link undefined"
          href="/employees"
          onClick={[Function]}
        >
          Employee page
        </a>
        .
        <br />
        If you have a new hire, don't forget to add him/her into the system via the
         
        <a
          className="makeStyles-link undefined"
          href="/employees/add"
          onClick={[Function]}
        >
          Employee Create page
        </a>
        !
      </p>
      <p
        className="MuiTypography-root makeStyles-covid MuiTypography-body2"
      >
        Don't forget to 
        <a
          className="makeStyles-link undefined"
          href="https://www.gov.uk/coronavirus"
        >
          stay home
        </a>
        !
      </p>
    </div>
  </main>
</div>
`;
